14:03:37 level_book 526 symbols, history from 2023-10-23, forward to 2025-06-10
14:03:37 level_book reference paths: 207558 rows (0s)
14:03:37 voltium.loaders vega convention for /Users/andrew/Projects/quant-research/data_store/option_greeks_2023/A.parquet: per_1.00_iv (per-unit share 1.00, per-point share 0.00, median dP/vega ratio 0.0101, theta/day share 1.00)
14:03:37 voltium.loaders vega convention for /Users/andrew/Projects/quant-research/data_store/index_greeks_2023/SPX.parquet: per_1.00_iv (per-unit share 1.00, per-point share 0.00, median dP/vega ratio 0.0101, theta/day share 1.00)
14:03:37 level_book surface: 207433 rows (0s)
14:03:37 level_book HAR: 212193 forecasts, last fit [{'date': datetime.date(2025, 6, 2), 'rows': 209603, 'const': -0.7212418244692517, 'residual_var': 0.257357615797821, 'b_rv_1': 0.14943810008799585, 'b_rv_5': 0.15377665118397663, 'b_rv_22': 1.0159665498020616}] (1s)
14:03:38 level_book signal: 97747 rows, spx factor used: True
14:03:38 voltium.loaders vega convention for /Users/andrew/Projects/quant-research/data_store/option_greeks/A.parquet: per_1.00_iv (per-unit share 1.00, per-point share 0.00, median dP/vega ratio 0.0101, theta/day share 1.00)
14:04:03 voltium.backtester 2025-01-02  positions=11  day pnl=-4297  cum pnl=-4297
14:07:36 voltium.backtester 2025-01-17  positions=26  day pnl=-5200  cum pnl=-25185
14:10:47 voltium.backtester 2025-02-03  positions=34  day pnl=-36153  cum pnl=2218
14:14:11 voltium.backtester 2025-02-18  positions=38  day pnl=-41278  cum pnl=-76056
14:16:44 voltium.backtester 2025-02-28  positions=36  day pnl=6371  cum pnl=-138118
14:16:44 level_book backtest done (787s)

=== summary ===
                            sessions: 39
                      mean_positions: 30.7949
                     mean_gross_vega: 10,011.4409
                       mean_net_vega: -796.3550
                     total_gross_pnl: 3,181.1689
                          total_cost: 141,298.9961
                       total_net_pnl: -138,117.8273
                              sharpe: -3.7809
       annual_net_pnl_per_gross_vega: -89.1434
                        max_drawdown: -200,451.6206
     annual_turnover_over_gross_vega: 37.0026
                           cost_drag: 44.4173

=== factor regression (net P&L per $ gross vega on the risk factors) ===
shape: (14, 5)
┌────────────────────────┬─────────────┬─────────┬───────────┬──────────────┐
│ regressor              ┆ coefficient ┆ t_stat  ┆ r_squared ┆ observations │
│ ---                    ┆ ---         ┆ ---     ┆ ---       ┆ ---          │
│ str                    ┆ f64         ┆ f64     ┆ f64       ┆ i64          │
╞════════════════════════╪═════════════╪═════════╪═══════════╪══════════════╡
│ const                  ┆ -0.0718     ┆ -0.2569 ┆ 0.3814    ┆ 39           │
│ Communication Services ┆ -0.4272     ┆ -1.0254 ┆ 0.3814    ┆ 39           │
│ Consumer Discretionary ┆ 0.6744      ┆ 1.2504  ┆ 0.3814    ┆ 39           │
│ Consumer Staples       ┆ -0.0024     ┆ -0.0044 ┆ 0.3814    ┆ 39           │
│ Energy                 ┆ 0.5538      ┆ 1.5880  ┆ 0.3814    ┆ 39           │
│ Financials             ┆ 0.6022      ┆ 0.5860  ┆ 0.3814    ┆ 39           │
│ Health Care            ┆ -1.4313     ┆ -1.6549 ┆ 0.3814    ┆ 39           │
│ Industrials            ┆ -0.6333     ┆ -1.1105 ┆ 0.3814    ┆ 39           │
│ Information Technology ┆ 0.1990      ┆ 0.2781  ┆ 0.3814    ┆ 39           │
│ Materials              ┆ 0.9584      ┆ 1.3368  ┆ 0.3814    ┆ 39           │
│ Real Estate            ┆ 0.9440      ┆ 1.3510  ┆ 0.3814    ┆ 39           │
│ Utilities              ┆ 0.0195      ┆ 0.0663  ┆ 0.3814    ┆ 39           │
│ market                 ┆ 0.8903      ┆ 1.1795  ┆ 0.3814    ┆ 39           │
│ spx_return             ┆ 52.4887     ┆ 1.2209  ┆ 0.3814    ┆ 39           │
└────────────────────────┴─────────────┴─────────┴───────────┴──────────────┘

=== decile table (forward 60-session P&L per $ vega, long reference straddle) ===
shape: (10, 6)
┌────────┬────────────────────────┬──────────────────────┬──────────────┬────────────┬───────┐
│ decile ┆ gross_fwd_pnl_per_vega ┆ net_fwd_pnl_per_vega ┆ gross_t_stat ┆ mean_names ┆ dates │
│ ---    ┆ ---                    ┆ ---                  ┆ ---          ┆ ---        ┆ ---   │
│ i64    ┆ f64                    ┆ f64                  ┆ f64          ┆ f64        ┆ u32   │
╞════════╪════════════════════════╪══════════════════════╪══════════════╪════════════╪═══════╡
│ 1      ┆ 15.3157                ┆ -7.3647              ┆ 20.1301      ┆ 49.0000    ┆ 39    │
│ 2      ┆ 14.8109                ┆ -8.6987              ┆ 25.1565      ┆ 49.5897    ┆ 39    │
│ 3      ┆ 14.4979                ┆ -8.9974              ┆ 21.2006      ┆ 49.2821    ┆ 39    │
│ 4      ┆ 14.2787                ┆ -9.0527              ┆ 18.3213      ┆ 49.6410    ┆ 39    │
│ 5      ┆ 15.0507                ┆ -8.7214              ┆ 17.1241      ┆ 49.5897    ┆ 39    │
│ 6      ┆ 15.9245                ┆ -7.9016              ┆ 15.9961      ┆ 49.3077    ┆ 39    │
│ 7      ┆ 16.2535                ┆ -6.7125              ┆ 19.0193      ┆ 49.3846    ┆ 39    │
│ 8      ┆ 18.1419                ┆ -6.1939              ┆ 18.7695      ┆ 49.5385    ┆ 39    │
│ 9      ┆ 16.8223                ┆ -7.5578              ┆ 21.9441      ┆ 49.3333    ┆ 39    │
│ 10     ┆ 13.2740                ┆ -13.4919             ┆ 19.9961      ┆ 49.9744    ┆ 39    │
└────────┴────────────────────────┴──────────────────────┴──────────────┴────────────┴───────┘

figures in /Users/andrew/Projects/quant-research/voltium/demos/figures (*_vrp.png)  (791s)
