17:38:55 level_book 659 symbols, history from 2017-04-24, forward to 2025-10-08
17:38:55 level_book reference paths: 1067053 rows (0s)
17:38:55 voltium.loaders vega convention for /Users/andrew/Projects/quant-research/data_store/index_greeks_2017/SPX.parquet: per_1.00_iv (per-unit share 1.00, per-point share 0.00, median dP/vega ratio 0.0100, theta/day share 1.00)
17:38:55 level_book surface: 1067345 rows (1s)
17:38:57 level_book HAR: 1046279 forecasts, last fit [{'date': datetime.date(2025, 10, 1), 'rows': 1043953, 'const': -1.131449256807854, 'residual_var': 0.5294040664610805, 'b_rv_1': 0.025852336886258424, 'b_rv_5': 0.19588718583422726, 'b_rv_22': 0.8056671009823344}] (3s)
17:38:58 level_book engine=panel strategy=rank costs=False screens=False constraints=net+gross jump=0.00
17:38:58 voltium.panel_backtester 2018-07-02  positions=468  day pnl=0  cum pnl=0
17:38:58 voltium.panel_backtester 2018-09-12  positions=470  day pnl=706  cum pnl=16797
17:38:59 voltium.panel_backtester 2018-11-21  positions=478  day pnl=12334  cum pnl=-2811
17:38:59 voltium.panel_backtester 2019-02-06  positions=472  day pnl=-1449  cum pnl=60220
17:38:59 voltium.panel_backtester 2019-04-18  positions=476  day pnl=1315  cum pnl=57691
17:38:59 voltium.panel_backtester 2019-07-01  positions=480  day pnl=4399  cum pnl=158671
17:38:59 voltium.panel_backtester 2019-09-11  positions=456  day pnl=435  cum pnl=126952
17:38:59 voltium.panel_backtester 2019-11-20  positions=460  day pnl=-4346  cum pnl=125724
17:38:59 voltium.panel_backtester 2020-02-04  positions=448  day pnl=5168  cum pnl=201316
17:39:00 voltium.panel_backtester 2020-04-16  positions=479  day pnl=-143  cum pnl=291329
17:39:00 voltium.panel_backtester 2020-06-26  positions=484  day pnl=-16192  cum pnl=184916
17:39:00 voltium.panel_backtester 2020-09-08  positions=492  day pnl=7380  cum pnl=400541
17:39:00 voltium.panel_backtester 2020-11-17  positions=500  day pnl=2345  cum pnl=459889
17:39:00 voltium.panel_backtester 2021-02-01  positions=488  day pnl=-12978  cum pnl=499923
17:39:01 voltium.panel_backtester 2021-04-14  positions=484  day pnl=-3685  cum pnl=575190
17:39:01 voltium.panel_backtester 2021-06-24  positions=484  day pnl=6369  cum pnl=615864
17:39:01 voltium.panel_backtester 2021-09-03  positions=492  day pnl=-111  cum pnl=695043
17:39:01 voltium.panel_backtester 2021-11-15  positions=492  day pnl=-2238  cum pnl=726731
17:39:01 voltium.panel_backtester 2022-01-27  positions=492  day pnl=7028  cum pnl=741309
17:39:01 voltium.panel_backtester 2022-04-08  positions=488  day pnl=788  cum pnl=804385
17:39:02 voltium.panel_backtester 2022-06-22  positions=486  day pnl=-4158  cum pnl=834339
17:39:02 voltium.panel_backtester 2022-09-01  positions=489  day pnl=3128  cum pnl=918215
17:39:02 voltium.panel_backtester 2022-11-11  positions=496  day pnl=-4643  cum pnl=869582
17:39:02 voltium.panel_backtester 2023-01-26  positions=490  day pnl=670  cum pnl=862169
17:39:02 voltium.panel_backtester 2023-04-10  positions=492  day pnl=6488  cum pnl=877772
17:39:02 voltium.panel_backtester 2023-06-21  positions=488  day pnl=6208  cum pnl=936046
17:39:03 voltium.panel_backtester 2023-08-31  positions=494  day pnl=-593  cum pnl=961835
17:39:03 voltium.panel_backtester 2023-11-10  positions=498  day pnl=3785  cum pnl=979029
17:39:03 voltium.panel_backtester 2024-01-25  positions=496  day pnl=2154  cum pnl=980918
17:39:03 voltium.panel_backtester 2024-04-08  positions=492  day pnl=-1602  cum pnl=1024327
17:39:03 voltium.panel_backtester 2024-06-18  positions=484  day pnl=5732  cum pnl=1018611
17:39:03 voltium.panel_backtester 2024-08-29  positions=496  day pnl=18  cum pnl=1011519
17:39:04 voltium.panel_backtester 2024-11-08  positions=502  day pnl=-1535  cum pnl=1042991
17:39:04 voltium.panel_backtester 2025-01-24  positions=494  day pnl=-2234  cum pnl=1166008
17:39:04 voltium.panel_backtester 2025-04-07  positions=497  day pnl=1093  cum pnl=1187523
17:39:04 voltium.panel_backtester 2025-06-18  positions=492  day pnl=-2731  cum pnl=1305595
17:39:04 voltium.panel_backtester 2025-06-30  positions=500  day pnl=2740  cum pnl=1313010
17:39:05 level_book backtest done (10s)

=== summary ===
                            sessions: 1758
                      mean_positions: 485.1490
                     mean_gross_vega: 19,462.1077
                       mean_net_vega: -10.9626
                     total_gross_pnl: 1,313,009.9584
                          total_cost: 0.0000
                       total_net_pnl: 1,313,009.9584
                              sharpe: 1.4969
       annual_net_pnl_per_gross_vega: 9.6707
                        max_drawdown: -222,824.3413
     annual_turnover_over_gross_vega: 51.2975
                           cost_drag: 0.0000

=== factor regression (net P&L per $ gross vega on the risk factors) ===
shape: (14, 5)
┌────────────────────────┬─────────────┬─────────┬───────────┬──────────────┐
│ regressor              ┆ coefficient ┆ t_stat  ┆ r_squared ┆ observations │
│ ---                    ┆ ---         ┆ ---     ┆ ---       ┆ ---          │
│ str                    ┆ f64         ┆ f64     ┆ f64       ┆ i64          │
╞════════════════════════╪═════════════╪═════════╪═══════════╪══════════════╡
│ const                  ┆ 0.0403      ┆ 4.5699  ┆ 0.1396    ┆ 1758         │
│ Communication Services ┆ -0.0101     ┆ -1.3222 ┆ 0.1396    ┆ 1758         │
│ Consumer Discretionary ┆ 0.0025      ┆ 0.2543  ┆ 0.1396    ┆ 1758         │
│ Consumer Staples       ┆ 0.1754      ┆ 8.5539  ┆ 0.1396    ┆ 1758         │
│ Energy                 ┆ -0.0742     ┆ -8.9126 ┆ 0.1396    ┆ 1758         │
│ Financials             ┆ -0.0172     ┆ -0.7962 ┆ 0.1396    ┆ 1758         │
│ Health Care            ┆ -0.0317     ┆ -1.6634 ┆ 0.1396    ┆ 1758         │
│ Industrials            ┆ -0.0697     ┆ -2.9784 ┆ 0.1396    ┆ 1758         │
│ Information Technology ┆ -0.0286     ┆ -1.9594 ┆ 0.1396    ┆ 1758         │
│ Materials              ┆ 0.0125      ┆ 0.7968  ┆ 0.1396    ┆ 1758         │
│ Real Estate            ┆ 0.0018      ┆ 0.1225  ┆ 0.1396    ┆ 1758         │
│ Utilities              ┆ 0.0027      ┆ 0.2867  ┆ 0.1396    ┆ 1758         │
│ market                 ┆ -0.0755     ┆ -8.3119 ┆ 0.1396    ┆ 1758         │
│ spx_return             ┆ -4.0310     ┆ -4.4579 ┆ 0.1396    ┆ 1758         │
└────────────────────────┴─────────────┴─────────┴───────────┴──────────────┘

=== decile table (forward 60-session P&L per $ vega, long reference straddle) ===
shape: (10, 6)
┌────────┬────────────────────────┬──────────────────────┬──────────────┬────────────┬───────┐
│ decile ┆ gross_fwd_pnl_per_vega ┆ net_fwd_pnl_per_vega ┆ gross_t_stat ┆ mean_names ┆ dates │
│ ---    ┆ ---                    ┆ ---                  ┆ ---          ┆ ---        ┆ ---   │
│ i64    ┆ f64                    ┆ f64                  ┆ f64          ┆ f64        ┆ u32   │
╞════════╪════════════════════════╪══════════════════════╪══════════════╪════════════╪═══════╡
│ 1      ┆ 1.4160                 ┆ -20.7810             ┆ 4.4591       ┆ 48.1280    ┆ 1758  │
│ 2      ┆ 1.9626                 ┆ -18.4206             ┆ 6.0128       ┆ 48.6132    ┆ 1758  │
│ 3      ┆ 2.0047                 ┆ -17.7990             ┆ 6.3673       ┆ 48.5063    ┆ 1758  │
│ 4      ┆ 1.9875                 ┆ -17.9068             ┆ 6.3222       ┆ 48.6212    ┆ 1758  │
│ 5      ┆ 1.9462                 ┆ -17.7732             ┆ 6.1623       ┆ 48.7076    ┆ 1758  │
│ 6      ┆ 2.0624                 ┆ -18.0763             ┆ 6.5851       ┆ 48.4363    ┆ 1758  │
│ 7      ┆ 2.1864                 ┆ -18.1422             ┆ 7.1538       ┆ 48.5262    ┆ 1758  │
│ 8      ┆ 2.2610                 ┆ -18.5598             ┆ 7.4120       ┆ 48.6013    ┆ 1758  │
│ 9      ┆ 2.1452                 ┆ -19.7403             ┆ 6.9235       ┆ 48.5182    ┆ 1758  │
│ 10     ┆ 1.4161                 ┆ -26.3827             ┆ 4.2153       ┆ 49.0165    ┆ 1758  │
└────────┴────────────────────────┴──────────────────────┴──────────────┴────────────┴───────┘

figures in /Users/andrew/Projects/quant-research/voltium/demos/figures (*_iv_zscore_rank_panel_2018_2025.png)  (11s)
