17:37:50 level_book 659 symbols, history from 2017-04-24, forward to 2025-10-08
17:37:50 level_book reference paths: 1067053 rows (0s)
17:37:50 voltium.loaders vega convention for /Users/andrew/Projects/quant-research/data_store/index_greeks_2017/SPX.parquet: per_1.00_iv (per-unit share 1.00, per-point share 0.00, median dP/vega ratio 0.0100, theta/day share 1.00)
17:37:51 level_book surface: 1067345 rows (1s)
17:37:53 level_book HAR: 1046279 forecasts, last fit [{'date': datetime.date(2025, 10, 1), 'rows': 1043953, 'const': -1.131449256807854, 'residual_var': 0.5294040664610805, 'b_rv_1': 0.025852336886258424, 'b_rv_5': 0.19588718583422726, 'b_rv_22': 0.8056671009823344}] (3s)
17:37:53 level_book engine=panel strategy=mvo costs=False screens=False constraints=net+gross jump=0.00
17:37:54 voltium.panel_backtester 2018-07-02  positions=468  day pnl=0  cum pnl=0
17:37:55 voltium.panel_backtester 2018-09-12  positions=476  day pnl=-6191  cum pnl=48921
17:37:57 voltium.panel_backtester 2018-11-21  positions=481  day pnl=30472  cum pnl=-63428
17:37:59 voltium.panel_backtester 2019-02-06  positions=480  day pnl=-1587  cum pnl=-61536
17:38:00 voltium.panel_backtester 2019-04-18  positions=479  day pnl=10773  cum pnl=35892
17:38:02 voltium.panel_backtester 2019-07-01  positions=485  day pnl=10798  cum pnl=116446
17:38:04 voltium.panel_backtester 2019-09-11  positions=462  day pnl=8299  cum pnl=53782
17:38:05 voltium.panel_backtester 2019-11-20  positions=462  day pnl=1229  cum pnl=27396
17:38:07 voltium.panel_backtester 2020-02-04  positions=456  day pnl=8719  cum pnl=145885
17:38:08 voltium.panel_backtester 2020-04-16  positions=480  day pnl=-20081  cum pnl=-75211
17:38:10 voltium.panel_backtester 2020-06-26  positions=484  day pnl=-32758  cum pnl=-369127
17:38:11 voltium.panel_backtester 2020-09-08  positions=494  day pnl=7284  cum pnl=-57479
17:38:13 voltium.panel_backtester 2020-11-17  positions=501  day pnl=-6827  cum pnl=-118877
17:38:15 voltium.panel_backtester 2021-02-01  positions=488  day pnl=12701  cum pnl=-53883
17:38:16 voltium.panel_backtester 2021-04-14  positions=488  day pnl=-10331  cum pnl=-5734
17:38:18 voltium.panel_backtester 2021-06-24  positions=487  day pnl=27353  cum pnl=174882
17:38:20 voltium.panel_backtester 2021-09-03  positions=496  day pnl=-2508  cum pnl=180877
17:38:21 voltium.panel_backtester 2021-11-15  positions=500  day pnl=-470  cum pnl=251491
17:38:23 voltium.panel_backtester 2022-01-27  positions=491  day pnl=2521  cum pnl=184234
17:38:25 voltium.panel_backtester 2022-04-08  positions=490  day pnl=-9698  cum pnl=269056
17:38:27 voltium.panel_backtester 2022-06-22  positions=486  day pnl=-27150  cum pnl=392535
17:38:28 voltium.panel_backtester 2022-09-01  positions=491  day pnl=4773  cum pnl=305224
17:38:30 voltium.panel_backtester 2022-11-11  positions=497  day pnl=-689  cum pnl=158355
17:38:32 voltium.panel_backtester 2023-01-26  positions=494  day pnl=-5873  cum pnl=214376
17:38:34 voltium.panel_backtester 2023-04-10  positions=492  day pnl=11062  cum pnl=242461
17:38:35 voltium.panel_backtester 2023-06-21  positions=491  day pnl=5879  cum pnl=347977
17:38:37 voltium.panel_backtester 2023-08-31  positions=496  day pnl=-15836  cum pnl=514963
17:38:39 voltium.panel_backtester 2023-11-10  positions=500  day pnl=539  cum pnl=460887
17:38:40 voltium.panel_backtester 2024-01-25  positions=496  day pnl=30361  cum pnl=599694
17:38:42 voltium.panel_backtester 2024-04-08  positions=494  day pnl=-25167  cum pnl=823163
17:38:44 voltium.panel_backtester 2024-06-18  positions=494  day pnl=18068  cum pnl=1064291
17:38:46 voltium.panel_backtester 2024-08-29  positions=500  day pnl=28052  cum pnl=1114610
17:38:47 voltium.panel_backtester 2024-11-08  positions=505  day pnl=-5091  cum pnl=1178635
17:38:49 voltium.panel_backtester 2025-01-24  positions=497  day pnl=-21829  cum pnl=1362347
17:38:51 voltium.panel_backtester 2025-04-07  positions=498  day pnl=-12904  cum pnl=1417992
17:38:52 voltium.panel_backtester 2025-06-18  positions=497  day pnl=-2416  cum pnl=1573829
17:38:53 voltium.panel_backtester 2025-06-30  positions=502  day pnl=-6763  cum pnl=1578945
17:38:54 level_book backtest done (64s)

=== summary ===
                            sessions: 1758
                      mean_positions: 488.9056
                     mean_gross_vega: 19,131.5484
                       mean_net_vega: -55.1286
                     total_gross_pnl: 1,578,945.0865
                          total_cost: 0.0000
                       total_net_pnl: 1,578,945.0865
                              sharpe: 0.6707
       annual_net_pnl_per_gross_vega: 11.8304
                        max_drawdown: -596,812.2585
     annual_turnover_over_gross_vega: 34.9991
                           cost_drag: 0.0000

=== factor regression (net P&L per $ gross vega on the risk factors) ===
shape: (14, 5)
┌────────────────────────┬─────────────┬─────────┬───────────┬──────────────┐
│ regressor              ┆ coefficient ┆ t_stat  ┆ r_squared ┆ observations │
│ ---                    ┆ ---         ┆ ---     ┆ ---       ┆ ---          │
│ str                    ┆ f64         ┆ f64     ┆ f64       ┆ i64          │
╞════════════════════════╪═════════════╪═════════╪═══════════╪══════════════╡
│ const                  ┆ 0.0483      ┆ 1.9822  ┆ 0.1088    ┆ 1758         │
│ Communication Services ┆ 0.1689      ┆ 8.0212  ┆ 0.1088    ┆ 1758         │
│ Consumer Discretionary ┆ -0.0403     ┆ -1.4811 ┆ 0.1088    ┆ 1758         │
│ Consumer Staples       ┆ 0.0767      ┆ 1.3556  ┆ 0.1088    ┆ 1758         │
│ Energy                 ┆ -0.1164     ┆ -5.0675 ┆ 0.1088    ┆ 1758         │
│ Financials             ┆ -0.1563     ┆ -2.6144 ┆ 0.1088    ┆ 1758         │
│ Health Care            ┆ -0.0783     ┆ -1.4898 ┆ 0.1088    ┆ 1758         │
│ Industrials            ┆ -0.0721     ┆ -1.1151 ┆ 0.1088    ┆ 1758         │
│ Information Technology ┆ -0.0395     ┆ -0.9805 ┆ 0.1088    ┆ 1758         │
│ Materials              ┆ -0.0459     ┆ -1.0607 ┆ 0.1088    ┆ 1758         │
│ Real Estate            ┆ -0.0255     ┆ -0.6237 ┆ 0.1088    ┆ 1758         │
│ Utilities              ┆ 0.0527      ┆ 2.0634  ┆ 0.1088    ┆ 1758         │
│ market                 ┆ -0.0826     ┆ -3.2928 ┆ 0.1088    ┆ 1758         │
│ spx_return             ┆ -1.8546     ┆ -0.7430 ┆ 0.1088    ┆ 1758         │
└────────────────────────┴─────────────┴─────────┴───────────┴──────────────┘

=== decile table (forward 60-session P&L per $ vega, long reference straddle) ===
shape: (10, 6)
┌────────┬────────────────────────┬──────────────────────┬──────────────┬────────────┬───────┐
│ decile ┆ gross_fwd_pnl_per_vega ┆ net_fwd_pnl_per_vega ┆ gross_t_stat ┆ mean_names ┆ dates │
│ ---    ┆ ---                    ┆ ---                  ┆ ---          ┆ ---        ┆ ---   │
│ i64    ┆ f64                    ┆ f64                  ┆ f64          ┆ f64        ┆ u32   │
╞════════╪════════════════════════╪══════════════════════╪══════════════╪════════════╪═══════╡
│ 1      ┆ 1.4160                 ┆ -20.7810             ┆ 4.4591       ┆ 48.1280    ┆ 1758  │
│ 2      ┆ 1.9626                 ┆ -18.4206             ┆ 6.0128       ┆ 48.6132    ┆ 1758  │
│ 3      ┆ 2.0047                 ┆ -17.7990             ┆ 6.3673       ┆ 48.5063    ┆ 1758  │
│ 4      ┆ 1.9875                 ┆ -17.9068             ┆ 6.3222       ┆ 48.6212    ┆ 1758  │
│ 5      ┆ 1.9462                 ┆ -17.7732             ┆ 6.1623       ┆ 48.7076    ┆ 1758  │
│ 6      ┆ 2.0624                 ┆ -18.0763             ┆ 6.5851       ┆ 48.4363    ┆ 1758  │
│ 7      ┆ 2.1864                 ┆ -18.1422             ┆ 7.1538       ┆ 48.5262    ┆ 1758  │
│ 8      ┆ 2.2610                 ┆ -18.5598             ┆ 7.4120       ┆ 48.6013    ┆ 1758  │
│ 9      ┆ 2.1452                 ┆ -19.7403             ┆ 6.9235       ┆ 48.5182    ┆ 1758  │
│ 10     ┆ 1.4161                 ┆ -26.3827             ┆ 4.2153       ┆ 49.0165    ┆ 1758  │
└────────┴────────────────────────┴──────────────────────┴──────────────┴────────────┴───────┘

figures in /Users/andrew/Projects/quant-research/voltium/demos/figures (*_iv_zscore_mvo_panel_2018_2025.png)  (64s)
