15:13:49 level_book 533 symbols, history from 2023-10-23, forward to 2025-10-08
15:13:49 level_book reference paths: 250402 rows (0s)
15:13:49 voltium.loaders vega convention for /Users/andrew/Projects/quant-research/data_store/option_greeks_2023/A.parquet: per_1.00_iv (per-unit share 1.00, per-point share 0.00, median dP/vega ratio 0.0101, theta/day share 1.00)
15:13:49 voltium.loaders vega convention for /Users/andrew/Projects/quant-research/data_store/index_greeks_2023/SPX.parquet: per_1.00_iv (per-unit share 1.00, per-point share 0.00, median dP/vega ratio 0.0101, theta/day share 1.00)
15:13:49 level_book surface: 250255 rows (0s)
15:13:49 level_book HAR: 256866 forecasts, last fit [{'date': datetime.date(2025, 10, 1), 'rows': 254694, 'const': -0.870249241039082, 'residual_var': 0.27997243607241123, 'b_rv_1': 0.1598099253128277, 'b_rv_5': 0.16263868384702326, 'b_rv_22': 0.9035994839514316}] (1s)
15:13:50 voltium.loaders vega convention for /Users/andrew/Projects/quant-research/data_store/option_greeks/A.parquet: per_1.00_iv (per-unit share 1.00, per-point share 0.00, median dP/vega ratio 0.0101, theta/day share 1.00)
15:13:56 voltium.backtester 2025-01-02  positions=7  day pnl=-591  cum pnl=-591
15:14:53 voltium.backtester 2025-01-17  positions=19  day pnl=4483  cum pnl=-5485
15:15:53 voltium.backtester 2025-02-03  positions=35  day pnl=-8911  cum pnl=-22518
15:16:51 voltium.backtester 2025-02-18  positions=42  day pnl=-8376  cum pnl=-70812
15:17:49 voltium.backtester 2025-03-04  positions=50  day pnl=2124  cum pnl=-135878
15:18:47 voltium.backtester 2025-03-18  positions=55  day pnl=-4163  cum pnl=-149036
15:19:43 voltium.backtester 2025-04-01  positions=60  day pnl=4780  cum pnl=-165800
15:20:40 voltium.backtester 2025-04-15  positions=50  day pnl=3471  cum pnl=-254996
15:21:38 voltium.backtester 2025-04-30  positions=58  day pnl=6718  cum pnl=-267841
15:23:39 voltium.backtester 2025-05-14  positions=71  day pnl=6837  cum pnl=-240560
15:27:41 voltium.backtester 2025-05-29  positions=70  day pnl=-5906  cum pnl=-254804
15:31:39 voltium.backtester 2025-06-12  positions=71  day pnl=-4789  cum pnl=-277759
15:35:37 voltium.backtester 2025-06-27  positions=70  day pnl=-5303  cum pnl=-313793
15:36:00 voltium.backtester 2025-06-30  positions=69  day pnl=-35634  cum pnl=-349427
15:36:01 level_book backtest done (1332s)

=== summary ===
                            sessions: 122
                      mean_positions: 51.4508
                     mean_gross_vega: 9,814.3213
                       mean_net_vega: 272.2492
                     total_gross_pnl: 38,107.9559
                          total_cost: 387,535.2216
                       total_net_pnl: -349,427.2657
                              sharpe: -4.1867
       annual_net_pnl_per_gross_vega: -73.5423
                        max_drawdown: -348,932.6466
     annual_turnover_over_gross_vega: 30.0550
                           cost_drag: 10.1694

=== factor regression (net P&L per $ gross vega on the risk factors) ===
shape: (14, 5)
┌────────────────────────┬─────────────┬─────────┬───────────┬──────────────┐
│ regressor              ┆ coefficient ┆ t_stat  ┆ r_squared ┆ observations │
│ ---                    ┆ ---         ┆ ---     ┆ ---       ┆ ---          │
│ str                    ┆ f64         ┆ f64     ┆ f64       ┆ i64          │
╞════════════════════════╪═════════════╪═════════╪═══════════╪══════════════╡
│ const                  ┆ -0.2926     ┆ -2.9532 ┆ 0.1515    ┆ 122          │
│ Communication Services ┆ 0.0137      ┆ 0.0982  ┆ 0.1515    ┆ 122          │
│ Consumer Discretionary ┆ -0.2053     ┆ -0.9595 ┆ 0.1515    ┆ 122          │
│ Consumer Staples       ┆ 0.0745      ┆ 0.3496  ┆ 0.1515    ┆ 122          │
│ Energy                 ┆ 0.0590      ┆ 0.5769  ┆ 0.1515    ┆ 122          │
│ Financials             ┆ 0.1101      ┆ 0.4592  ┆ 0.1515    ┆ 122          │
│ Health Care            ┆ -0.1393     ┆ -0.7739 ┆ 0.1515    ┆ 122          │
│ Industrials            ┆ -0.0721     ┆ -0.2982 ┆ 0.1515    ┆ 122          │
│ Information Technology ┆ 0.1961      ┆ 1.0791  ┆ 0.1515    ┆ 122          │
│ Materials              ┆ -0.4475     ┆ -1.9861 ┆ 0.1515    ┆ 122          │
│ Real Estate            ┆ -0.0976     ┆ -0.5545 ┆ 0.1515    ┆ 122          │
│ Utilities              ┆ -0.0210     ┆ -0.1996 ┆ 0.1515    ┆ 122          │
│ market                 ┆ -0.1287     ┆ -1.4903 ┆ 0.1515    ┆ 122          │
│ spx_return             ┆ -10.5994    ┆ -0.8433 ┆ 0.1515    ┆ 122          │
└────────────────────────┴─────────────┴─────────┴───────────┴──────────────┘

=== decile table (forward 60-session P&L per $ vega, long reference straddle) ===
shape: (10, 6)
┌────────┬────────────────────────┬──────────────────────┬──────────────┬────────────┬───────┐
│ decile ┆ gross_fwd_pnl_per_vega ┆ net_fwd_pnl_per_vega ┆ gross_t_stat ┆ mean_names ┆ dates │
│ ---    ┆ ---                    ┆ ---                  ┆ ---          ┆ ---        ┆ ---   │
│ i64    ┆ f64                    ┆ f64                  ┆ f64          ┆ f64        ┆ u32   │
╞════════╪════════════════════════╪══════════════════════╪══════════════╪════════════╪═══════╡
│ 1      ┆ 4.9398                 ┆ -19.8646             ┆ 6.4496       ┆ 48.9672    ┆ 122   │
│ 2      ┆ 4.5187                 ┆ -17.5191             ┆ 5.3460       ┆ 49.3852    ┆ 122   │
│ 3      ┆ 4.6533                 ┆ -17.0914             ┆ 5.4183       ┆ 49.2459    ┆ 122   │
│ 4      ┆ 4.2612                 ┆ -16.3790             ┆ 4.8956       ┆ 49.5000    ┆ 122   │
│ 5      ┆ 4.2866                 ┆ -16.8387             ┆ 4.8413       ┆ 49.5246    ┆ 122   │
│ 6      ┆ 4.4581                 ┆ -16.0637             ┆ 4.7750       ┆ 49.2131    ┆ 122   │
│ 7      ┆ 4.1677                 ┆ -16.8623             ┆ 4.5787       ┆ 49.3197    ┆ 122   │
│ 8      ┆ 4.4846                 ┆ -15.9079             ┆ 4.9611       ┆ 49.4262    ┆ 122   │
│ 9      ┆ 4.0570                 ┆ -17.0468             ┆ 4.2997       ┆ 49.2049    ┆ 122   │
│ 10     ┆ 4.5149                 ┆ -19.6085             ┆ 5.2319       ┆ 49.9098    ┆ 122   │
└────────┴────────────────────────┴──────────────────────┴──────────────┴────────────┴───────┘

figures in /Users/andrew/Projects/quant-research/voltium/demos/figures (*_iv_zscore.png)  (1333s)
