17:33:48 level_book 533 symbols, history from 2023-10-23, forward to 2025-10-08
17:33:48 level_book reference paths: 250402 rows (0s)
17:33:48 voltium.loaders vega convention for /Users/andrew/Projects/quant-research/data_store/index_greeks_2023/SPX.parquet: per_1.00_iv (per-unit share 1.00, per-point share 0.00, median dP/vega ratio 0.0101, theta/day share 1.00)
17:33:48 level_book surface: 250255 rows (0s)
17:33:48 level_book HAR: 256866 forecasts, last fit [{'date': datetime.date(2025, 10, 1), 'rows': 254694, 'const': -0.870249241039082, 'residual_var': 0.27997243607241123, 'b_rv_1': 0.1598099253128277, 'b_rv_5': 0.16263868384702326, 'b_rv_22': 0.9035994839514316}] (1s)
17:33:48 level_book signal: 139907 rows, spx factor used: True
17:33:48 level_book engine=panel strategy=mvo costs=False screens=False constraints=net+gross jump=0.00
17:33:49 voltium.panel_backtester 2025-01-02  positions=491  day pnl=0  cum pnl=0
17:33:50 voltium.panel_backtester 2025-03-18  positions=492  day pnl=6395  cum pnl=140486
17:33:52 voltium.panel_backtester 2025-05-29  positions=493  day pnl=48026  cum pnl=209603
17:33:53 voltium.panel_backtester 2025-06-30  positions=500  day pnl=2592  cum pnl=121862
17:33:53 level_book backtest done (5s)

=== summary ===
                            sessions: 122
                      mean_positions: 492.7787
                     mean_gross_vega: 19,696.6135
                       mean_net_vega: -187.2276
                     total_gross_pnl: 121,862.4633
                          total_cost: 0.0000
                       total_net_pnl: 121,862.4633
                              sharpe: 0.7990
       annual_net_pnl_per_gross_vega: 12.7797
                        max_drawdown: -101,987.3206
     annual_turnover_over_gross_vega: 45.3658
                           cost_drag: 0.0000

=== factor regression (net P&L per $ gross vega on the risk factors) ===
shape: (14, 5)
┌────────────────────────┬─────────────┬─────────┬───────────┬──────────────┐
│ regressor              ┆ coefficient ┆ t_stat  ┆ r_squared ┆ observations │
│ ---                    ┆ ---         ┆ ---     ┆ ---       ┆ ---          │
│ str                    ┆ f64         ┆ f64     ┆ f64       ┆ i64          │
╞════════════════════════╪═════════════╪═════════╪═══════════╪══════════════╡
│ const                  ┆ 0.0926      ┆ 1.0071  ┆ 0.2606    ┆ 122          │
│ Communication Services ┆ -0.4178     ┆ -3.2350 ┆ 0.2606    ┆ 122          │
│ Consumer Discretionary ┆ 0.2303      ┆ 1.1598  ┆ 0.2606    ┆ 122          │
│ Consumer Staples       ┆ -0.0868     ┆ -0.4385 ┆ 0.2606    ┆ 122          │
│ Energy                 ┆ -0.0534     ┆ -0.5633 ┆ 0.2606    ┆ 122          │
│ Financials             ┆ -0.3171     ┆ -1.4255 ┆ 0.2606    ┆ 122          │
│ Health Care            ┆ 0.0316      ┆ 0.1891  ┆ 0.2606    ┆ 122          │
│ Industrials            ┆ 0.6297      ┆ 2.8044  ┆ 0.2606    ┆ 122          │
│ Information Technology ┆ -0.0546     ┆ -0.3240 ┆ 0.2606    ┆ 122          │
│ Materials              ┆ -0.2182     ┆ -1.0434 ┆ 0.2606    ┆ 122          │
│ Real Estate            ┆ 0.1404      ┆ 0.8591  ┆ 0.2606    ┆ 122          │
│ Utilities              ┆ 0.0103      ┆ 0.1057  ┆ 0.2606    ┆ 122          │
│ market                 ┆ 0.0892      ┆ 1.1133  ┆ 0.2606    ┆ 122          │
│ spx_return             ┆ -10.8736    ┆ -0.9322 ┆ 0.2606    ┆ 122          │
└────────────────────────┴─────────────┴─────────┴───────────┴──────────────┘

=== decile table (forward 60-session P&L per $ vega, long reference straddle) ===
shape: (10, 6)
┌────────┬────────────────────────┬──────────────────────┬──────────────┬────────────┬───────┐
│ decile ┆ gross_fwd_pnl_per_vega ┆ net_fwd_pnl_per_vega ┆ gross_t_stat ┆ mean_names ┆ dates │
│ ---    ┆ ---                    ┆ ---                  ┆ ---          ┆ ---        ┆ ---   │
│ i64    ┆ f64                    ┆ f64                  ┆ f64          ┆ f64        ┆ u32   │
╞════════╪════════════════════════╪══════════════════════╪══════════════╪════════════╪═══════╡
│ 1      ┆ 4.3907                 ┆ -16.4208             ┆ 5.1009       ┆ 49.5820    ┆ 122   │
│ 2      ┆ 3.9338                 ┆ -17.0103             ┆ 4.5528       ┆ 49.9590    ┆ 122   │
│ 3      ┆ 3.9037                 ┆ -17.6682             ┆ 4.5966       ┆ 49.9262    ┆ 122   │
│ 4      ┆ 3.6669                 ┆ -17.9116             ┆ 4.1394       ┆ 49.9262    ┆ 122   │
│ 5      ┆ 4.3495                 ┆ -16.7306             ┆ 4.8127       ┆ 50.1230    ┆ 122   │
│ 6      ┆ 5.0809                 ┆ -16.2597             ┆ 5.4657       ┆ 49.8197    ┆ 122   │
│ 7      ┆ 4.9829                 ┆ -16.2611             ┆ 5.4768       ┆ 49.9180    ┆ 122   │
│ 8      ┆ 5.4714                 ┆ -15.5220             ┆ 5.6458       ┆ 49.9344    ┆ 122   │
│ 9      ┆ 5.2236                 ┆ -16.9897             ┆ 5.9375       ┆ 49.9508    ┆ 122   │
│ 10     ┆ 3.9598                 ┆ -19.1154             ┆ 4.9352       ┆ 50.3689    ┆ 122   │
└────────┴────────────────────────┴──────────────────────┴──────────────┴────────────┴───────┘

figures in /Users/andrew/Projects/quant-research/voltium/demos/figures (*_vrp_mvo_panel.png)  (6s)
